# Gerado pelo HyPHP — não editar à mão.
# Fonte: internal/webserver/apache/templates/vhost.conf.tmpl
# Projeto: app81 (app81.test) → pool php81

<VirtualHost *:8080>
    ServerName app81.test
    ServerAlias *.app81.test
    DocumentRoot "C:/DEV/app81/public"
    DirectoryIndex index.php index.html

    <Directory "C:/DEV/app81/public">
        Require all granted
        Options -Indexes +FollowSymLinks
        AllowOverride All
    </Directory>

    # A barra final evita "400 Proxy Error: URI cannot be parsed" no Windows,
    # onde sem ela o Apache cola a letra do drive na porta (spec §6.2).
    #
    # ProxyFCGISetEnvIf é obrigatório: o SCRIPT_FILENAME que o mod_proxy_fcgi
    # deriva sozinho mudou entre builds — o Apache 2.4.68 entrega ao php-cgi um
    # caminho que não existe, e TODO projeto responde "No input file
    # specified.", inclusive uma pasta com um único index.php. Montar o valor a
    # partir de DOCUMENT_ROOT + SCRIPT_NAME não depende da build.
    <FilesMatch "\.php$">
        SetHandler "proxy:balancer://php81/"
        ProxyFCGISetEnvIf "true" SCRIPT_FILENAME "%{reqenv:DOCUMENT_ROOT}%{reqenv:SCRIPT_NAME}"
    </FilesMatch>

    ErrorLog "C:/hyphp/log/app81-error.log"
    CustomLog "C:/hyphp/log/app81-access.log" combined
</VirtualHost>

<VirtualHost *:8443>
    ServerName app81.test
    ServerAlias *.app81.test
    DocumentRoot "C:/DEV/app81/public"
    DirectoryIndex index.php index.html

    <Directory "C:/DEV/app81/public">
        Require all granted
        Options -Indexes +FollowSymLinks
        AllowOverride All
    </Directory>

    <FilesMatch "\.php$">
        SetHandler "proxy:balancer://php81/"
        ProxyFCGISetEnvIf "true" SCRIPT_FILENAME "%{reqenv:DOCUMENT_ROOT}%{reqenv:SCRIPT_NAME}"
    </FilesMatch>

    SSLEngine on
    SSLCertificateFile "C:/hyphp/var/certs/app81.pem"
    SSLCertificateKeyFile "C:/hyphp/var/certs/app81-key.pem"

    ErrorLog "C:/hyphp/log/app81-error.log"
    CustomLog "C:/hyphp/log/app81-access.log" combined
</VirtualHost>
