# Gerado pelo HyPHP — não editar à mão.
# Fonte: internal/webserver/nginx/templates/site.conf.tmpl
# Projeto: app81 (app81.test) → upstream php81

server {
    listen 8080;
    server_name app81.test;
    root "/Users/joao/Sites/app81/public";
    index index.php index.html;

    access_log "/Users/joao/Library/Application Support/HyPHP/log/app81-access.log";
    error_log "/Users/joao/Library/Application Support/HyPHP/log/app81-error.log";

    location / {
        try_files $uri $uri/ /index.php?$query_string;
    }

    # O split + try_files recusa "/uploads/foto.jpg/x.php": com cgi.fix_pathinfo=1
    # o php-cgi recuaria para foto.jpg e o executaria. A regex aceita "/x.php/rota"
    # para manter PATH_INFO (slash arguments); o set guarda o valor porque o
    # try_files zera $fastcgi_path_info.
    location ~ [^/]\.php(/|$) {
        fastcgi_split_path_info ^(.+?\.php)(/.*)$;
        try_files $fastcgi_script_name =404;
        set $path_info $fastcgi_path_info;
        fastcgi_pass php81;
        fastcgi_index index.php;
        include "/opt/homebrew/etc/nginx/fastcgi_params";
        fastcgi_param SCRIPT_FILENAME $document_root$fastcgi_script_name;
        fastcgi_param PATH_INFO $path_info;
        fastcgi_read_timeout 300;
    }
}
